// Jest Snapshot v1, https://goo.gl/fbAQLP

exports[`it renders correctly 1`] = `
<div
  className="spotify"
>
  <div
    className="spotifyTitle"
  >
    <div
      className="spotifyTitleText"
    >
      Spotify
    </div>
  </div>
  <WithStyles(ForwardRef(Button))
    classes={
      Object {
        "label": "makeStyles-label-2",
        "root": "makeStyles-root-1",
      }
    }
    color="primary"
    href="https://accounts.spotify.com/authorize?client_id=0d4fc9fafa1949a7a9e3e810e12076f0&redirect_uri=http://localhost:3000/home&scope=user-read-currently-playing%20user-read-recently-played%20user-read-playback-state%20user-top-read%20user-modify-playback-state&response_type=code&show_dialog=true"
    variant="contained"
  >
    Login with Spotify
  </WithStyles(ForwardRef(Button))>
</div>
`;
