// Jest Snapshot v1, https://goo.gl/fbAQLP

exports[`it renders correctly 1`] = `
<div
  className="container"
>
  <div
    className="title"
  >
    <div
      className="titleText"
    >
      News
    </div>
  </div>
  <div
    className="articleList"
  >
    <div
      className="loading"
    >
       Loading... 
    </div>
  </div>
  <div
    className="dropdownsContainer"
  >
    <WithStyles(ForwardRef(Select))
      className="dropdown"
      defaultValue="general"
      disableUnderline={true}
      onChange={[Function]}
    >
      <WithStyles(ForwardRef(MenuItem))
        value="sports"
      >
        Sports
      </WithStyles(ForwardRef(MenuItem))>
      <WithStyles(ForwardRef(MenuItem))
        value="business"
      >
        Business
      </WithStyles(ForwardRef(MenuItem))>
      <WithStyles(ForwardRef(MenuItem))
        value="health"
      >
        Health
      </WithStyles(ForwardRef(MenuItem))>
      <WithStyles(ForwardRef(MenuItem))
        value="entertainment"
      >
        Entertainment
      </WithStyles(ForwardRef(MenuItem))>
      <WithStyles(ForwardRef(MenuItem))
        value="science"
      >
        Science
      </WithStyles(ForwardRef(MenuItem))>
      <WithStyles(ForwardRef(MenuItem))
        value="technology"
      >
        Tech
      </WithStyles(ForwardRef(MenuItem))>
      <WithStyles(ForwardRef(MenuItem))
        value="general"
      >
        General
      </WithStyles(ForwardRef(MenuItem))>
    </WithStyles(ForwardRef(Select))>
    <WithStyles(ForwardRef(Select))
      className="dropdown"
      defaultValue="nz"
      disableUnderline={true}
      onChange={[Function]}
    >
      <WithStyles(ForwardRef(MenuItem))
        value="nz"
      >
        New Zealand
      </WithStyles(ForwardRef(MenuItem))>
      <WithStyles(ForwardRef(MenuItem))
        value="us"
      >
        USA
      </WithStyles(ForwardRef(MenuItem))>
      <WithStyles(ForwardRef(MenuItem))
        value="au"
      >
        Australia
      </WithStyles(ForwardRef(MenuItem))>
    </WithStyles(ForwardRef(Select))>
  </div>
</div>
`;
